2026-06-01 14:45:30,894 [INFO] ═══════════════════════════════════════════════════════
2026-06-01 14:45:30,895 [INFO]   Scraper fichacompleta.com.br  [Playwright]
2026-06-01 14:45:30,895 [INFO] ═══════════════════════════════════════════════════════
2026-06-01 14:45:32,043 [INFO] Aquecendo sessão na home…
2026-06-01 14:45:44,199 [INFO] [Nível 1] Modelos: https://www.fichacompleta.com.br/carros/byd/
2026-06-01 14:45:47,257 [INFO]   → 17 modelos
2026-06-01 14:45:47,258 [INFO] 
── Modelo 1/17: Atto 8 ──
2026-06-01 14:45:47,258 [INFO]   [Nível 2] Versões: Atto 8
2026-06-01 14:46:02,618 [WARNING]   Timeout networkidle (1/3) — https://www.fichacompleta.com.br/carros/byd/atto-8/
2026-06-01 14:46:19,970 [INFO]     → 0 versões
2026-06-01 14:46:19,970 [INFO] 
── Modelo 2/17: D1 ──
2026-06-01 14:46:19,970 [INFO]   [Nível 2] Versões: D1
2026-06-01 14:46:23,428 [INFO]     → 2 versões
2026-06-01 14:46:23,429 [INFO]   Versão 1/2: d1-ev-2023
2026-06-01 14:46:23,429 [INFO]     [Nível 3] Ficha: d1-ev-2023
2026-06-01 14:46:26,601 [INFO]       → 32 campos extraídos
2026-06-01 14:46:26,601 [INFO]   Versão 2/2: d1-ev-2023-eletricidade
2026-06-01 14:46:26,601 [INFO]     [Nível 3] Ficha: d1-ev-2023-eletricidade
2026-06-01 14:46:28,845 [INFO]       → 33 campos extraídos
2026-06-01 14:46:28,845 [INFO] 
── Modelo 3/17: Dolphin ──
2026-06-01 14:46:28,846 [INFO]   [Nível 2] Versões: Dolphin
2026-06-01 14:46:44,175 [WARNING]   Timeout networkidle (1/3) — https://www.fichacompleta.com.br/carros/byd/dolphin/
2026-06-01 14:46:55,896 [INFO]     → 7 versões
2026-06-01 14:46:55,897 [INFO]   Versão 1/7: dolphin-diamond-2024
2026-06-01 14:46:55,897 [INFO]     [Nível 3] Ficha: dolphin-diamond-2024
2026-06-01 14:46:58,866 [INFO]       → 35 campos extraídos
2026-06-01 14:46:58,866 [INFO]   Versão 2/7: dolphin-ev-2024
2026-06-01 14:46:58,866 [INFO]     [Nível 3] Ficha: dolphin-ev-2024
2026-06-01 14:47:01,330 [INFO]       → 35 campos extraídos
2026-06-01 14:47:01,331 [INFO]   Versão 3/7: dolphin-plus-2024
2026-06-01 14:47:01,331 [INFO]     [Nível 3] Ficha: dolphin-plus-2024
2026-06-01 14:47:05,162 [INFO]       → 35 campos extraídos
2026-06-01 14:47:05,162 [INFO]   Versão 4/7: dolphin-ev-2025
2026-06-01 14:47:05,164 [INFO]     [Nível 3] Ficha: dolphin-ev-2025
2026-06-01 14:47:07,258 [INFO]       → 36 campos extraídos
2026-06-01 14:47:07,258 [INFO]   Versão 5/7: dolphin-plus-2025
2026-06-01 14:47:07,262 [INFO]     [Nível 3] Ficha: dolphin-plus-2025
2026-06-01 14:47:09,599 [INFO]       → 36 campos extraídos
2026-06-01 14:47:09,600 [INFO]   Versão 6/7: dolphin-gs-2026
2026-06-01 14:47:09,600 [INFO]     [Nível 3] Ficha: dolphin-gs-2026
2026-06-01 14:47:13,376 [INFO]       → 36 campos extraídos
2026-06-01 14:47:13,377 [INFO]   Versão 7/7: dolphin-plus-2026
2026-06-01 14:47:13,377 [INFO]     [Nível 3] Ficha: dolphin-plus-2026
2026-06-01 14:47:16,722 [INFO]       → 36 campos extraídos
2026-06-01 14:47:16,723 [INFO] 
── Modelo 4/17: Dolphin Mini ──
2026-06-01 14:47:16,723 [INFO]   [Nível 2] Versões: Dolphin Mini
2026-06-01 14:47:32,046 [WARNING]   Timeout networkidle (1/3) — https://www.fichacompleta.com.br/carros/byd/dolphin-mini/
2026-06-01 14:47:45,384 [INFO]     → 5 versões
2026-06-01 14:47:45,385 [INFO]   Versão 1/5: dolphin-mini-ev-2024
2026-06-01 14:47:45,386 [INFO]     [Nível 3] Ficha: dolphin-mini-ev-2024
2026-06-01 14:47:49,019 [INFO]       → 33 campos extraídos
2026-06-01 14:47:49,019 [INFO]   Versão 2/5: dolphin-mini-ev-2025
2026-06-01 14:47:49,019 [INFO]     [Nível 3] Ficha: dolphin-mini-ev-2025
2026-06-01 14:47:52,592 [INFO]       → 33 campos extraídos
2026-06-01 14:47:52,592 [INFO]   Versão 3/5: dolphin-mini-gs-2025
2026-06-01 14:47:52,592 [INFO]     [Nível 3] Ficha: dolphin-mini-gs-2025
2026-06-01 14:47:55,534 [INFO]       → 33 campos extraídos
2026-06-01 14:47:55,535 [INFO]   Versão 4/5: dolphin-mini-gl-2026
2026-06-01 14:47:55,535 [INFO]     [Nível 3] Ficha: dolphin-mini-gl-2026
2026-06-01 14:47:58,686 [INFO]       → 33 campos extraídos
2026-06-01 14:47:58,687 [INFO]   Versão 5/5: dolphin-mini-gs-2026
2026-06-01 14:47:58,687 [INFO]     [Nível 3] Ficha: dolphin-mini-gs-2026
2026-06-01 14:48:01,649 [INFO]       → 33 campos extraídos
2026-06-01 14:48:01,650 [INFO] 
── Modelo 5/17: Et3 ──
2026-06-01 14:48:01,650 [INFO]   [Nível 2] Versões: Et3
2026-06-01 14:48:16,977 [WARNING]   Timeout networkidle (1/3) — https://www.fichacompleta.com.br/carros/byd/et3/
2026-06-01 14:48:27,612 [INFO]     → 2 versões
2026-06-01 14:48:27,613 [INFO]   Versão 1/2: et3-bev-2022
2026-06-01 14:48:27,613 [INFO]     [Nível 3] Ficha: et3-bev-2022
2026-06-01 14:48:31,404 [INFO]       → 32 campos extraídos
2026-06-01 14:48:31,404 [INFO]   Versão 2/2: et3-bev-2023
2026-06-01 14:48:31,404 [INFO]     [Nível 3] Ficha: et3-bev-2023
2026-06-01 14:48:34,035 [INFO]       → 33 campos extraídos
2026-06-01 14:48:34,035 [INFO] 
── Modelo 6/17: Han ──
2026-06-01 14:48:34,035 [INFO]   [Nível 2] Versões: Han
2026-06-01 14:48:49,350 [WARNING]   Timeout networkidle (1/3) — https://www.fichacompleta.com.br/carros/byd/han/
2026-06-01 14:49:00,763 [INFO]     → 4 versões
2026-06-01 14:49:00,763 [INFO]   Versão 1/4: han-ev-2022
2026-06-01 14:49:00,764 [INFO]     [Nível 3] Ficha: han-ev-2022
2026-06-01 14:49:03,827 [INFO]       → 35 campos extraídos
2026-06-01 14:49:03,828 [INFO]   Versão 2/4: han-ev-2023
2026-06-01 14:49:03,828 [INFO]     [Nível 3] Ficha: han-ev-2023
2026-06-01 14:49:07,237 [INFO]       → 36 campos extraídos
2026-06-01 14:49:07,237 [INFO]   Versão 3/4: han-ev-2024
2026-06-01 14:49:07,237 [INFO]     [Nível 3] Ficha: han-ev-2024
2026-06-01 14:49:09,552 [INFO]       → 37 campos extraídos
2026-06-01 14:49:09,553 [INFO]   Versão 4/4: han-ev-2025
2026-06-01 14:49:09,553 [INFO]     [Nível 3] Ficha: han-ev-2025
2026-06-01 14:49:13,460 [INFO]       → 37 campos extraídos
2026-06-01 14:49:13,460 [INFO] 
── Modelo 7/17: King ──
2026-06-01 14:49:13,461 [INFO]   [Nível 2] Versões: King
2026-06-01 14:49:19,241 [INFO]     → 4 versões
2026-06-01 14:49:19,241 [INFO]   Versão 1/4: king-gl-1-5-2025
2026-06-01 14:49:19,241 [INFO]     [Nível 3] Ficha: king-gl-1-5-2025
2026-06-01 14:49:21,941 [INFO]       → 57 campos extraídos
2026-06-01 14:49:21,941 [INFO]   Versão 2/4: king-gs-1-5-2025
2026-06-01 14:49:21,942 [INFO]     [Nível 3] Ficha: king-gs-1-5-2025
2026-06-01 14:49:24,693 [INFO]       → 57 campos extraídos
2026-06-01 14:49:24,693 [INFO]   Versão 3/4: king-gl-1-5-2026
2026-06-01 14:49:24,693 [INFO]     [Nível 3] Ficha: king-gl-1-5-2026
2026-06-01 14:49:28,724 [INFO]       → 64 campos extraídos
2026-06-01 14:49:28,725 [INFO]   Versão 4/4: king-gs-1-5-2026
2026-06-01 14:49:28,725 [INFO]     [Nível 3] Ficha: king-gs-1-5-2026
2026-06-01 14:49:31,335 [INFO]       → 64 campos extraídos
2026-06-01 14:49:31,336 [INFO] 
── Modelo 8/17: Seagull ──
2026-06-01 14:49:31,336 [INFO]   [Nível 2] Versões: Seagull
2026-06-01 14:49:46,644 [WARNING]   Timeout networkidle (1/3) — https://www.fichacompleta.com.br/carros/byd/seagull/
2026-06-01 14:50:07,158 [WARNING]   Timeout networkidle (2/3) — https://www.fichacompleta.com.br/carros/byd/seagull/
2026-06-01 14:50:24,403 [INFO]     → 0 versões
2026-06-01 14:50:24,403 [INFO] 
── Modelo 9/17: Seal ──
2026-06-01 14:50:24,404 [INFO]   [Nível 2] Versões: Seal
2026-06-01 14:50:29,420 [INFO]     → 2 versões
2026-06-01 14:50:29,421 [INFO]   Versão 1/2: seal-ev-2024
2026-06-01 14:50:29,421 [INFO]     [Nível 3] Ficha: seal-ev-2024
2026-06-01 14:50:32,176 [INFO]       → 37 campos extraídos
2026-06-01 14:50:32,177 [INFO]   Versão 2/2: seal-ev-2025
2026-06-01 14:50:32,177 [INFO]     [Nível 3] Ficha: seal-ev-2025
2026-06-01 14:50:35,006 [INFO]       → 38 campos extraídos
2026-06-01 14:50:35,006 [INFO] 
── Modelo 10/17: Sealion 7 ──
2026-06-01 14:50:35,007 [INFO]   [Nível 2] Versões: Sealion 7
2026-06-01 14:50:40,018 [INFO]     → 0 versões
2026-06-01 14:50:40,019 [INFO] 
── Modelo 11/17: Shark ──
2026-06-01 14:50:40,019 [INFO]   [Nível 2] Versões: Shark
2026-06-01 14:50:45,946 [INFO]     → 3 versões
2026-06-01 14:50:45,946 [INFO]   Versão 1/3: shark-gs-1-5-2025
2026-06-01 14:50:45,947 [INFO]     [Nível 3] Ficha: shark-gs-1-5-2025
2026-06-01 14:50:49,451 [INFO]       → 58 campos extraídos
2026-06-01 14:50:49,452 [INFO]   Versão 2/3: shark-embaixador-1-5-phev-2026
2026-06-01 14:50:49,452 [INFO]     [Nível 3] Ficha: shark-embaixador-1-5-phev-2026
2026-06-01 14:50:51,967 [INFO]       → 63 campos extraídos
2026-06-01 14:50:51,968 [INFO]   Versão 3/3: shark-gs-1-5-phev-2026
2026-06-01 14:50:51,968 [INFO]     [Nível 3] Ficha: shark-gs-1-5-phev-2026
2026-06-01 14:50:55,100 [INFO]       → 63 campos extraídos
2026-06-01 14:50:55,100 [INFO] 
── Modelo 12/17: Song Plus ──
2026-06-01 14:50:55,101 [INFO]   [Nível 2] Versões: Song Plus
2026-06-01 14:51:10,390 [WARNING]   Timeout networkidle (1/3) — https://www.fichacompleta.com.br/carros/byd/song-plus/
2026-06-01 14:51:20,940 [INFO]     → 7 versões
2026-06-01 14:51:20,940 [INFO]   Versão 1/7: song-plus-dm-i-2023
2026-06-01 14:51:20,941 [INFO]     [Nível 3] Ficha: song-plus-dm-i-2023
2026-06-01 14:51:24,327 [INFO]       → 49 campos extraídos
2026-06-01 14:51:24,328 [INFO]   Versão 2/7: song-plus-dm-i-1-5-2024
2026-06-01 14:51:24,328 [INFO]     [Nível 3] Ficha: song-plus-dm-i-1-5-2024
2026-06-01 14:51:26,339 [INFO]       → 57 campos extraídos
2026-06-01 14:51:26,340 [INFO]   Versão 3/7: song-plus-dm-i-1-5-2025
2026-06-01 14:51:26,340 [INFO]     [Nível 3] Ficha: song-plus-dm-i-1-5-2025
2026-06-01 14:51:29,063 [INFO]       → 60 campos extraídos
2026-06-01 14:51:29,063 [INFO]   Versão 4/7: song-plus-premium-1-5-awd-2025
2026-06-01 14:51:29,064 [INFO]     [Nível 3] Ficha: song-plus-premium-1-5-awd-2025
2026-06-01 14:51:31,385 [INFO]       → 55 campos extraídos
2026-06-01 14:51:31,385 [INFO]   Versão 5/7: song-plus-premium-1-5-awd-2025-eletricidade-gasolina
2026-06-01 14:51:31,386 [INFO]     [Nível 3] Ficha: song-plus-premium-1-5-awd-2025-eletricidade-gasolina
2026-06-01 14:51:33,599 [INFO]       → 55 campos extraídos
2026-06-01 14:51:33,600 [INFO]   Versão 6/7: song-plus-gs-1-5-2026
2026-06-01 14:51:33,600 [INFO]     [Nível 3] Ficha: song-plus-gs-1-5-2026
2026-06-01 14:51:37,243 [INFO]       → 61 campos extraídos
2026-06-01 14:51:37,243 [INFO]   Versão 7/7: song-plus-premium-1-5-awd-2026
2026-06-01 14:51:37,243 [INFO]     [Nível 3] Ficha: song-plus-premium-1-5-awd-2026
2026-06-01 14:51:40,041 [INFO]       → 57 campos extraídos
2026-06-01 14:51:40,042 [INFO] 
── Modelo 13/17: Song Pro ──
2026-06-01 14:51:40,042 [INFO]   [Nível 2] Versões: Song Pro
2026-06-01 14:51:45,358 [INFO]     → 4 versões
2026-06-01 14:51:45,358 [INFO]   Versão 1/4: song-pro-dm-i-1-5-2025
2026-06-01 14:51:45,358 [INFO]     [Nível 3] Ficha: song-pro-dm-i-1-5-2025
2026-06-01 14:51:49,233 [INFO]       → 57 campos extraídos
2026-06-01 14:51:49,233 [INFO]   Versão 2/4: song-pro-gs-1-5-2025
2026-06-01 14:51:49,233 [INFO]     [Nível 3] Ficha: song-pro-gs-1-5-2025
2026-06-01 14:51:52,830 [INFO]       → 59 campos extraídos
2026-06-01 14:51:52,830 [INFO]   Versão 3/4: song-pro-gl-1-5-2026
2026-06-01 14:51:52,831 [INFO]     [Nível 3] Ficha: song-pro-gl-1-5-2026
2026-06-01 14:51:56,412 [INFO]       → 61 campos extraídos
2026-06-01 14:51:56,413 [INFO]   Versão 4/4: song-pro-gs-1-5-2026
2026-06-01 14:51:56,413 [INFO]     [Nível 3] Ficha: song-pro-gs-1-5-2026
2026-06-01 14:51:59,612 [INFO]       → 61 campos extraídos
2026-06-01 14:51:59,614 [INFO] 
── Modelo 14/17: Tan ──
2026-06-01 14:51:59,614 [INFO]   [Nível 2] Versões: Tan
2026-06-01 14:52:04,399 [INFO]     → 3 versões
2026-06-01 14:52:04,400 [INFO]   Versão 1/3: tan-ev-2022
2026-06-01 14:52:04,400 [INFO]     [Nível 3] Ficha: tan-ev-2022
2026-06-01 14:52:06,979 [INFO]       → 33 campos extraídos
2026-06-01 14:52:06,980 [INFO]   Versão 2/3: tan-ev-2023
2026-06-01 14:52:06,980 [INFO]     [Nível 3] Ficha: tan-ev-2023
2026-06-01 14:52:09,618 [INFO]       → 34 campos extraídos
2026-06-01 14:52:09,618 [INFO]   Versão 3/3: tan-ev-2025
2026-06-01 14:52:09,619 [INFO]     [Nível 3] Ficha: tan-ev-2025
2026-06-01 14:52:12,061 [INFO]       → 37 campos extraídos
2026-06-01 14:52:12,061 [INFO] 
── Modelo 15/17: U9 ──
2026-06-01 14:52:12,061 [INFO]   [Nível 2] Versões: U9
2026-06-01 14:52:17,356 [INFO]     → 0 versões
2026-06-01 14:52:17,356 [INFO] 
── Modelo 16/17: Yuan Plus ──
2026-06-01 14:52:17,357 [INFO]   [Nível 2] Versões: Yuan Plus
2026-06-01 14:52:25,380 [INFO]     → 4 versões
2026-06-01 14:52:25,381 [INFO]   Versão 1/4: yuan-plus-ev-2023
2026-06-01 14:52:25,381 [INFO]     [Nível 3] Ficha: yuan-plus-ev-2023
2026-06-01 14:52:27,979 [INFO]       → 30 campos extraídos
2026-06-01 14:52:27,979 [INFO]   Versão 2/4: yuan-plus-ev-2024
2026-06-01 14:52:27,979 [INFO]     [Nível 3] Ficha: yuan-plus-ev-2024
2026-06-01 14:52:31,176 [INFO]       → 30 campos extraídos
2026-06-01 14:52:31,177 [INFO]   Versão 3/4: yuan-plus-ev-2025
2026-06-01 14:52:31,177 [INFO]     [Nível 3] Ficha: yuan-plus-ev-2025
2026-06-01 14:52:34,146 [INFO]       → 32 campos extraídos
2026-06-01 14:52:34,147 [INFO]   Versão 4/4: yuan-plus-gl-2026
2026-06-01 14:52:34,147 [INFO]     [Nível 3] Ficha: yuan-plus-gl-2026
2026-06-01 14:52:36,476 [INFO]       → 32 campos extraídos
2026-06-01 14:52:36,477 [INFO] 
── Modelo 17/17: Yuan Pro ──
2026-06-01 14:52:36,477 [INFO]   [Nível 2] Versões: Yuan Pro
2026-06-01 14:52:41,614 [INFO]     → 2 versões
2026-06-01 14:52:41,614 [INFO]   Versão 1/2: yuan-pro-ev-2025
2026-06-01 14:52:41,614 [INFO]     [Nível 3] Ficha: yuan-pro-ev-2025
2026-06-01 14:52:44,894 [INFO]       → 26 campos extraídos
2026-06-01 14:52:44,894 [INFO]   Versão 2/2: yuan-pro-gs-2026
2026-06-01 14:52:44,895 [INFO]     [Nível 3] Ficha: yuan-pro-gs-2026
2026-06-01 14:52:48,120 [INFO]       → 28 campos extraídos
2026-06-01 14:52:48,432 [INFO] 
═══════════════════════════════════════════════════════
2026-06-01 14:52:48,432 [INFO]   Registros : 49
2026-06-01 14:52:48,432 [INFO]   Colunas   : 86
2026-06-01 14:52:48,433 [INFO]   JSON      : output\fichas_byd_20260601_145248.json
2026-06-01 14:52:48,433 [INFO]   CSV       : output\fichas_byd_20260601_145248.csv
2026-06-01 14:52:48,433 [INFO] ═══════════════════════════════════════════════════════
2026-06-01 14:52:48,433 [INFO] Scraper finalizado.
