2026-06-20 22:26:55,605 [INFO] -------------------------------------------------------
2026-06-20 22:26:55,605 [INFO]   Scraper fichacompleta.com.br  [Playwright]
2026-06-20 22:26:55,605 [INFO] -------------------------------------------------------
2026-06-20 22:26:55,618 [INFO] 
-------------------------------------------------------
  MARCA: GREAT-WALL
-------------------------------------------------------
2026-06-20 22:26:56,000 [INFO] Aquecendo sessao na home...
2026-06-20 22:27:06,660 [INFO] [Nivel 1] Modelos: https://www.fichacompleta.com.br/carros/great-wall/
2026-06-20 22:27:22,162 [WARNING]   Timeout 'div.mod-grid a.mod-card' (1/3) - https://www.fichacompleta.com.br/carros/great-wall/
2026-06-20 22:27:42,625 [WARNING]   Timeout 'div.mod-grid a.mod-card' (2/3) - https://www.fichacompleta.com.br/carros/great-wall/
2026-06-20 22:28:08,125 [WARNING]   Timeout 'div.mod-grid a.mod-card' (3/3) - https://www.fichacompleta.com.br/carros/great-wall/
2026-06-20 22:28:23,138 [ERROR]   Desistindo apos 3 tentativas: https://www.fichacompleta.com.br/carros/great-wall/
2026-06-20 22:28:23,138 [ERROR] Falha ao carregar pagina da marca.
2026-06-20 22:28:23,217 [INFO] Marca GREAT-WALL ja possui saida e foi ignorada.
2026-06-20 22:28:23,217 [INFO] 
-------------------------------------------------------
  MARCA: CAOA-CHERY
-------------------------------------------------------
2026-06-20 22:28:23,554 [INFO] Aquecendo sessao na home...
2026-06-20 22:28:31,059 [INFO] [Nivel 1] Modelos: https://www.fichacompleta.com.br/carros/caoa-chery/
2026-06-20 22:28:46,552 [WARNING]   Timeout 'div.mod-grid a.mod-card' (1/3) - https://www.fichacompleta.com.br/carros/caoa-chery/
2026-06-20 22:29:07,036 [WARNING]   Timeout 'div.mod-grid a.mod-card' (2/3) - https://www.fichacompleta.com.br/carros/caoa-chery/
2026-06-20 22:29:32,515 [WARNING]   Timeout 'div.mod-grid a.mod-card' (3/3) - https://www.fichacompleta.com.br/carros/caoa-chery/
2026-06-20 22:29:47,520 [ERROR]   Desistindo apos 3 tentativas: https://www.fichacompleta.com.br/carros/caoa-chery/
2026-06-20 22:29:47,520 [ERROR] Falha ao carregar pagina da marca.
2026-06-20 22:29:47,595 [INFO] Marca CAOA-CHERY ja possui saida e foi ignorada.
2026-06-20 22:29:47,595 [INFO] Scraper finalizado.
